  Determining projects to restore...
  All projects are up-to-date for restore.
D:\DEVELOPMENT\POS-Store\SihyuPOS\ViewModels\EmployeePayslipViewmodel.cs(252,24): warning CS0114: 'EmployeePayslipViewModel.OnPropertyChanged(string?)' hides inherited member 'BaseViewModel.OnPropertyChanged(string?)'. To make the current member override that implementation, add the override keyword. Otherwise add the new keyword. [D:\DEVELOPMENT\POS-Store\SihyuPOS\SihyuPOSPayroll_syac35p0_wpftmp.csproj]
D:\DEVELOPMENT\POS-Store\SihyuPOS\ViewModels\EmployeeProfileViewModel.cs(244,24): warning CS0628: 'EmployeeProfileViewModel.OnPropertyChanged(string?)': new protected member declared in sealed type [D:\DEVELOPMENT\POS-Store\SihyuPOS\SihyuPOSPayroll_syac35p0_wpftmp.csproj]
D:\DEVELOPMENT\POS-Store\SihyuPOS\ViewModels\InventoryViewModel.cs(223,50): warning CS8612: Nullability of reference types in type of 'event PropertyChangedEventHandler InventoryViewModel.PropertyChanged' doesn't match implicitly implemented member 'event PropertyChangedEventHandler? INotifyPropertyChanged.PropertyChanged'. [D:\DEVELOPMENT\POS-Store\SihyuPOS\SihyuPOSPayroll_syac35p0_wpftmp.csproj]
D:\DEVELOPMENT\POS-Store\SihyuPOS\ViewModels\InventoryViewModel.cs(243,21): warning CS8767: Nullability of reference types in type of parameter 'parameter' of 'bool DelegateCommand.CanExecute(object parameter)' doesn't match implicitly implemented member 'bool ICommand.CanExecute(object? parameter)' (possibly because of nullability attributes). [D:\DEVELOPMENT\POS-Store\SihyuPOS\SihyuPOSPayroll_syac35p0_wpftmp.csproj]
D:\DEVELOPMENT\POS-Store\SihyuPOS\ViewModels\InventoryViewModel.cs(244,21): warning CS8767: Nullability of reference types in type of parameter 'parameter' of 'void DelegateCommand.Execute(object parameter)' doesn't match implicitly implemented member 'void ICommand.Execute(object? parameter)' (possibly because of nullability attributes). [D:\DEVELOPMENT\POS-Store\SihyuPOS\SihyuPOSPayroll_syac35p0_wpftmp.csproj]
D:\DEVELOPMENT\POS-Store\SihyuPOS\ViewModels\InventoryViewModel.cs(238,35): warning CS8612: Nullability of reference types in type of 'event EventHandler DelegateCommand.CanExecuteChanged' doesn't match implicitly implemented member 'event EventHandler? ICommand.CanExecuteChanged'. [D:\DEVELOPMENT\POS-Store\SihyuPOS\SihyuPOSPayroll_syac35p0_wpftmp.csproj]
D:\DEVELOPMENT\POS-Store\SihyuPOS\ViewModels\EmployeeProfileViewModel.cs(247,24): warning CS0628: 'EmployeeProfileViewModel.Set<T>(ref T, T, string?)': new protected member declared in sealed type [D:\DEVELOPMENT\POS-Store\SihyuPOS\SihyuPOSPayroll_syac35p0_wpftmp.csproj]
D:\DEVELOPMENT\POS-Store\SihyuPOS\ViewModels\InventoryViewModel.cs(233,72): warning CS8625: Cannot convert null literal to non-nullable reference type. [D:\DEVELOPMENT\POS-Store\SihyuPOS\SihyuPOSPayroll_syac35p0_wpftmp.csproj]
D:\DEVELOPMENT\POS-Store\SihyuPOS\ViewModels\InventoryViewModel.cs(224,83): warning CS8625: Cannot convert null literal to non-nullable reference type. [D:\DEVELOPMENT\POS-Store\SihyuPOS\SihyuPOSPayroll_syac35p0_wpftmp.csproj]
D:\DEVELOPMENT\POS-Store\SihyuPOS\ViewModels\InventoryViewModel.cs(261,21): warning CS8767: Nullability of reference types in type of parameter 'parameter' of 'bool DelegateCommand<T>.CanExecute(object parameter)' doesn't match implicitly implemented member 'bool ICommand.CanExecute(object? parameter)' (possibly because of nullability attributes). [D:\DEVELOPMENT\POS-Store\SihyuPOS\SihyuPOSPayroll_syac35p0_wpftmp.csproj]
D:\DEVELOPMENT\POS-Store\SihyuPOS\ViewModels\InventoryViewModel.cs(262,21): warning CS8767: Nullability of reference types in type of parameter 'parameter' of 'void DelegateCommand<T>.Execute(object parameter)' doesn't match implicitly implemented member 'void ICommand.Execute(object? parameter)' (possibly because of nullability attributes). [D:\DEVELOPMENT\POS-Store\SihyuPOS\SihyuPOSPayroll_syac35p0_wpftmp.csproj]
D:\DEVELOPMENT\POS-Store\SihyuPOS\ViewModels\InventoryViewModel.cs(256,35): warning CS8612: Nullability of reference types in type of 'event EventHandler DelegateCommand<T>.CanExecuteChanged' doesn't match implicitly implemented member 'event EventHandler? ICommand.CanExecuteChanged'. [D:\DEVELOPMENT\POS-Store\SihyuPOS\SihyuPOSPayroll_syac35p0_wpftmp.csproj]
D:\DEVELOPMENT\POS-Store\SihyuPOS\ViewModels\InventoryViewModel.cs(251,77): warning CS8625: Cannot convert null literal to non-nullable reference type. [D:\DEVELOPMENT\POS-Store\SihyuPOS\SihyuPOSPayroll_syac35p0_wpftmp.csproj]
D:\DEVELOPMENT\POS-Store\SihyuPOS\Helpers\Sessions.cs(12,30): warning CS8618: Non-nullable property 'CurrentUserRole' must contain a non-null value when exiting constructor. Consider adding the 'required' modifier or declaring the property as nullable. [D:\DEVELOPMENT\POS-Store\SihyuPOS\SihyuPOSPayroll_syac35p0_wpftmp.csproj]
D:\DEVELOPMENT\POS-Store\SihyuPOS\Models\TablesModel.cs(6,19): warning CS8618: Non-nullable property 'Status' must contain a non-null value when exiting constructor. Consider adding the 'required' modifier or declaring the property as nullable. [D:\DEVELOPMENT\POS-Store\SihyuPOS\SihyuPOSPayroll_syac35p0_wpftmp.csproj]
D:\DEVELOPMENT\POS-Store\SihyuPOS\Views\Admin\Attendance\WorkScheduleEdit.xaml.cs(20,16): warning CS8618: Non-nullable property 'VM' must contain a non-null value when exiting constructor. Consider adding the 'required' modifier or declaring the property as nullable. [D:\DEVELOPMENT\POS-Store\SihyuPOS\SihyuPOSPayroll_syac35p0_wpftmp.csproj]
D:\DEVELOPMENT\POS-Store\SihyuPOS\Views\Admin\Attendance\WorkScheduleEdit.xaml.cs(46,16): warning CS8618: Non-nullable property 'VM' must contain a non-null value when exiting constructor. Consider adding the 'required' modifier or declaring the property as nullable. [D:\DEVELOPMENT\POS-Store\SihyuPOS\SihyuPOSPayroll_syac35p0_wpftmp.csproj]
D:\DEVELOPMENT\POS-Store\SihyuPOS\ViewModels\AdminPayslipViewModel.cs(62,113): warning CS8604: Possible null reference argument for parameter 'request' in 'Task AdminPayslipViewModel.ApproveRequestAsync(PayslipRequestModel request)'. [D:\DEVELOPMENT\POS-Store\SihyuPOS\SihyuPOSPayroll_syac35p0_wpftmp.csproj]
D:\DEVELOPMENT\POS-Store\SihyuPOS\ViewModels\AdminPayslipViewModel.cs(62,123): warning CS8622: Nullability of reference types in type of parameter 'request' of 'bool AdminPayslipViewModel.CanExecuteStatusCommand(PayslipRequestModel request)' doesn't match the target delegate 'Func<PayslipRequestModel?, bool>' (possibly because of nullability attributes). [D:\DEVELOPMENT\POS-Store\SihyuPOS\SihyuPOSPayroll_syac35p0_wpftmp.csproj]
D:\DEVELOPMENT\POS-Store\SihyuPOS\ViewModels\AdminPayslipViewModel.cs(63,107): warning CS8604: Possible null reference argument for parameter 'request' in 'Task AdminPayslipViewModel.DenyRequestAsync(PayslipRequestModel request)'. [D:\DEVELOPMENT\POS-Store\SihyuPOS\SihyuPOSPayroll_syac35p0_wpftmp.csproj]
D:\DEVELOPMENT\POS-Store\SihyuPOS\ViewModels\AdminPayslipViewModel.cs(63,117): warning CS8622: Nullability of reference types in type of parameter 'request' of 'bool AdminPayslipViewModel.CanExecuteStatusCommand(PayslipRequestModel request)' doesn't match the target delegate 'Func<PayslipRequestModel?, bool>' (possibly because of nullability attributes). [D:\DEVELOPMENT\POS-Store\SihyuPOS\SihyuPOSPayroll_syac35p0_wpftmp.csproj]
D:\DEVELOPMENT\POS-Store\SihyuPOS\ViewModels\AdminPayslipViewModel.cs(64,111): warning CS8604: Possible null reference argument for parameter 'request' in 'Task AdminPayslipViewModel.MarkRequestDoneAsync(PayslipRequestModel request)'. [D:\DEVELOPMENT\POS-Store\SihyuPOS\SihyuPOSPayroll_syac35p0_wpftmp.csproj]
D:\DEVELOPMENT\POS-Store\SihyuPOS\ViewModels\AdminPayslipViewModel.cs(64,121): warning CS8622: Nullability of reference types in type of parameter 'request' of 'bool AdminPayslipViewModel.CanExecuteStatusCommand(PayslipRequestModel request)' doesn't match the target delegate 'Func<PayslipRequestModel?, bool>' (possibly because of nullability attributes). [D:\DEVELOPMENT\POS-Store\SihyuPOS\SihyuPOSPayroll_syac35p0_wpftmp.csproj]
D:\DEVELOPMENT\POS-Store\SihyuPOS\ViewModels\AdminPayslipViewModel.cs(65,111): warning CS8604: Possible null reference argument for parameter 'request' in 'Task AdminPayslipViewModel.DeleteRequestAsync(PayslipRequestModel request)'. [D:\DEVELOPMENT\POS-Store\SihyuPOS\SihyuPOSPayroll_syac35p0_wpftmp.csproj]
D:\DEVELOPMENT\POS-Store\SihyuPOS\ViewModels\AdminPayslipViewModel.cs(65,121): warning CS8622: Nullability of reference types in type of parameter 'request' of 'bool AdminPayslipViewModel.CanDeleteRequest(PayslipRequestModel request)' doesn't match the target delegate 'Func<PayslipRequestModel?, bool>' (possibly because of nullability attributes). [D:\DEVELOPMENT\POS-Store\SihyuPOS\SihyuPOSPayroll_syac35p0_wpftmp.csproj]
D:\DEVELOPMENT\POS-Store\SihyuPOS\Services\InventoryService.cs(114,20): warning CS8603: Possible null reference return. [D:\DEVELOPMENT\POS-Store\SihyuPOS\SihyuPOSPayroll_syac35p0_wpftmp.csproj]
D:\DEVELOPMENT\POS-Store\SihyuPOS\Views\Admin\Payroll\AddEditPayroll.xaml.cs(41,52): warning CS8622: Nullability of reference types in type of parameter 'sender' of 'void AddEditPayroll.RecalcInputs_Changed(object sender, RoutedEventArgs e)' doesn't match the target delegate 'EventHandler<SelectionChangedEventArgs>' (possibly because of nullability attributes). [D:\DEVELOPMENT\POS-Store\SihyuPOS\SihyuPOSPayroll_syac35p0_wpftmp.csproj]
D:\DEVELOPMENT\POS-Store\SihyuPOS\Views\Admin\Payroll\AddEditPayroll.xaml.cs(42,50): warning CS8622: Nullability of reference types in type of parameter 'sender' of 'void AddEditPayroll.RecalcInputs_Changed(object sender, RoutedEventArgs e)' doesn't match the target delegate 'EventHandler<SelectionChangedEventArgs>' (possibly because of nullability attributes). [D:\DEVELOPMENT\POS-Store\SihyuPOS\SihyuPOSPayroll_syac35p0_wpftmp.csproj]
D:\DEVELOPMENT\POS-Store\SihyuPOS\Views\Admin\Payroll\AddEditPayroll.xaml.cs(60,42): warning CS8602: Dereference of a possibly null reference. [D:\DEVELOPMENT\POS-Store\SihyuPOS\SihyuPOSPayroll_syac35p0_wpftmp.csproj]
D:\DEVELOPMENT\POS-Store\SihyuPOS\Views\Admin\Payroll\PositionSalaryEdit.xaml.cs(29,16): warning CS8618: Non-nullable property 'VM' must contain a non-null value when exiting constructor. Consider adding the 'required' modifier or declaring the property as nullable. [D:\DEVELOPMENT\POS-Store\SihyuPOS\SihyuPOSPayroll_syac35p0_wpftmp.csproj]
D:\DEVELOPMENT\POS-Store\SihyuPOS\Views\Admin\Payroll\PositionSalaryEdit.xaml.cs(64,16): warning CS8618: Non-nullable property 'VM' must contain a non-null value when exiting constructor. Consider adding the 'required' modifier or declaring the property as nullable. [D:\DEVELOPMENT\POS-Store\SihyuPOS\SihyuPOSPayroll_syac35p0_wpftmp.csproj]
D:\DEVELOPMENT\POS-Store\SihyuPOS\ViewModels\InventoryViewModel.cs(22,16): warning CS8618: Non-nullable field '_filteredItems' must contain a non-null value when exiting constructor. Consider adding the 'required' modifier or declaring the field as nullable. [D:\DEVELOPMENT\POS-Store\SihyuPOS\SihyuPOSPayroll_syac35p0_wpftmp.csproj]
D:\DEVELOPMENT\POS-Store\SihyuPOS\ViewModels\InventoryViewModel.cs(22,16): warning CS8618: Non-nullable field '_inventoryItems' must contain a non-null value when exiting constructor. Consider adding the 'required' modifier or declaring the field as nullable. [D:\DEVELOPMENT\POS-Store\SihyuPOS\SihyuPOSPayroll_syac35p0_wpftmp.csproj]
D:\DEVELOPMENT\POS-Store\SihyuPOS\ViewModels\InventoryViewModel.cs(22,16): warning CS8618: Non-nullable field '_selectedItem' must contain a non-null value when exiting constructor. Consider adding the 'required' modifier or declaring the field as nullable. [D:\DEVELOPMENT\POS-Store\SihyuPOS\SihyuPOSPayroll_syac35p0_wpftmp.csproj]
D:\DEVELOPMENT\POS-Store\SihyuPOS\ViewModels\InventoryViewModel.cs(22,16): warning CS8618: Non-nullable field '_currentDialog' must contain a non-null value when exiting constructor. Consider adding the 'required' modifier or declaring the field as nullable. [D:\DEVELOPMENT\POS-Store\SihyuPOS\SihyuPOSPayroll_syac35p0_wpftmp.csproj]
D:\DEVELOPMENT\POS-Store\SihyuPOS\ViewModels\InventoryViewModel.cs(22,16): warning CS8618: Non-nullable event 'PropertyChanged' must contain a non-null value when exiting constructor. Consider adding the 'required' modifier or declaring the event as nullable. [D:\DEVELOPMENT\POS-Store\SihyuPOS\SihyuPOSPayroll_syac35p0_wpftmp.csproj]
D:\DEVELOPMENT\POS-Store\SihyuPOS\Models\ReceiptsModel.cs(8,27): warning CS8618: Non-nullable property 'Date' must contain a non-null value when exiting constructor. Consider adding the 'required' modifier or declaring the property as nullable. [D:\DEVELOPMENT\POS-Store\SihyuPOS\SihyuPOSPayroll_syac35p0_wpftmp.csproj]
D:\DEVELOPMENT\POS-Store\SihyuPOS\ViewModels\InventoryViewModel.cs(114,33): warning CS8625: Cannot convert null literal to non-nullable reference type. [D:\DEVELOPMENT\POS-Store\SihyuPOS\SihyuPOSPayroll_syac35p0_wpftmp.csproj]
D:\DEVELOPMENT\POS-Store\SihyuPOS\ViewModels\InventoryViewModel.cs(117,27): warning CS8600: Converting null literal or possible null value to non-nullable type. [D:\DEVELOPMENT\POS-Store\SihyuPOS\SihyuPOSPayroll_syac35p0_wpftmp.csproj]
D:\DEVELOPMENT\POS-Store\SihyuPOS\ViewModels\InventoryViewModel.cs(120,36): warning CS8602: Dereference of a possibly null reference. [D:\DEVELOPMENT\POS-Store\SihyuPOS\SihyuPOSPayroll_syac35p0_wpftmp.csproj]
D:\DEVELOPMENT\POS-Store\SihyuPOS\ViewModels\InventoryViewModel.cs(157,33): warning CS8625: Cannot convert null literal to non-nullable reference type. [D:\DEVELOPMENT\POS-Store\SihyuPOS\SihyuPOSPayroll_syac35p0_wpftmp.csproj]
D:\DEVELOPMENT\POS-Store\SihyuPOS\ViewModels\InventoryViewModel.cs(160,27): warning CS8600: Converting null literal or possible null value to non-nullable type. [D:\DEVELOPMENT\POS-Store\SihyuPOS\SihyuPOSPayroll_syac35p0_wpftmp.csproj]
D:\DEVELOPMENT\POS-Store\SihyuPOS\ViewModels\InventoryViewModel.cs(161,37): warning CS8602: Dereference of a possibly null reference. [D:\DEVELOPMENT\POS-Store\SihyuPOS\SihyuPOSPayroll_syac35p0_wpftmp.csproj]
D:\DEVELOPMENT\POS-Store\SihyuPOS\Services\PayrollService.cs(136,38): warning CS8625: Cannot convert null literal to non-nullable reference type. [D:\DEVELOPMENT\POS-Store\SihyuPOS\SihyuPOSPayroll_syac35p0_wpftmp.csproj]
D:\DEVELOPMENT\POS-Store\SihyuPOS\Services\PayrollService.cs(137,37): warning CS8625: Cannot convert null literal to non-nullable reference type. [D:\DEVELOPMENT\POS-Store\SihyuPOS\SihyuPOSPayroll_syac35p0_wpftmp.csproj]
D:\DEVELOPMENT\POS-Store\SihyuPOS\ViewModels\LoginViewModel.cs(64,35): warning CS8600: Converting null literal or possible null value to non-nullable type. [D:\DEVELOPMENT\POS-Store\SihyuPOS\SihyuPOSPayroll_syac35p0_wpftmp.csproj]
D:\DEVELOPMENT\POS-Store\SihyuPOS\ViewModels\LoginViewModel.cs(70,32): warning CS8600: Converting null literal or possible null value to non-nullable type. [D:\DEVELOPMENT\POS-Store\SihyuPOS\SihyuPOSPayroll_syac35p0_wpftmp.csproj]
D:\DEVELOPMENT\POS-Store\SihyuPOS\Services\PayrollService.cs(253,38): warning CS8601: Possible null reference assignment. [D:\DEVELOPMENT\POS-Store\SihyuPOS\SihyuPOSPayroll_syac35p0_wpftmp.csproj]
D:\DEVELOPMENT\POS-Store\SihyuPOS\Services\PayrollService.cs(254,37): warning CS8601: Possible null reference assignment. [D:\DEVELOPMENT\POS-Store\SihyuPOS\SihyuPOSPayroll_syac35p0_wpftmp.csproj]
D:\DEVELOPMENT\POS-Store\SihyuPOS\ViewModels\EmployeePayslipViewmodel.cs(252,24): warning CS0114: 'EmployeePayslipViewModel.OnPropertyChanged(string?)' hides inherited member 'BaseViewModel.OnPropertyChanged(string?)'. To make the current member override that implementation, add the override keyword. Otherwise add the new keyword. [D:\DEVELOPMENT\POS-Store\SihyuPOS\SihyuPOSPayroll.csproj]
D:\DEVELOPMENT\POS-Store\SihyuPOS\ViewModels\EmployeeProfileViewModel.cs(244,24): warning CS0628: 'EmployeeProfileViewModel.OnPropertyChanged(string?)': new protected member declared in sealed type [D:\DEVELOPMENT\POS-Store\SihyuPOS\SihyuPOSPayroll.csproj]
D:\DEVELOPMENT\POS-Store\SihyuPOS\ViewModels\EmployeeProfileViewModel.cs(247,24): warning CS0628: 'EmployeeProfileViewModel.Set<T>(ref T, T, string?)': new protected member declared in sealed type [D:\DEVELOPMENT\POS-Store\SihyuPOS\SihyuPOSPayroll.csproj]
D:\DEVELOPMENT\POS-Store\SihyuPOS\ViewModels\InventoryViewModel.cs(223,50): warning CS8612: Nullability of reference types in type of 'event PropertyChangedEventHandler InventoryViewModel.PropertyChanged' doesn't match implicitly implemented member 'event PropertyChangedEventHandler? INotifyPropertyChanged.PropertyChanged'. [D:\DEVELOPMENT\POS-Store\SihyuPOS\SihyuPOSPayroll.csproj]
D:\DEVELOPMENT\POS-Store\SihyuPOS\ViewModels\InventoryViewModel.cs(224,83): warning CS8625: Cannot convert null literal to non-nullable reference type. [D:\DEVELOPMENT\POS-Store\SihyuPOS\SihyuPOSPayroll.csproj]
D:\DEVELOPMENT\POS-Store\SihyuPOS\ViewModels\InventoryViewModel.cs(243,21): warning CS8767: Nullability of reference types in type of parameter 'parameter' of 'bool DelegateCommand.CanExecute(object parameter)' doesn't match implicitly implemented member 'bool ICommand.CanExecute(object? parameter)' (possibly because of nullability attributes). [D:\DEVELOPMENT\POS-Store\SihyuPOS\SihyuPOSPayroll.csproj]
D:\DEVELOPMENT\POS-Store\SihyuPOS\ViewModels\InventoryViewModel.cs(244,21): warning CS8767: Nullability of reference types in type of parameter 'parameter' of 'void DelegateCommand.Execute(object parameter)' doesn't match implicitly implemented member 'void ICommand.Execute(object? parameter)' (possibly because of nullability attributes). [D:\DEVELOPMENT\POS-Store\SihyuPOS\SihyuPOSPayroll.csproj]
D:\DEVELOPMENT\POS-Store\SihyuPOS\ViewModels\InventoryViewModel.cs(238,35): warning CS8612: Nullability of reference types in type of 'event EventHandler DelegateCommand.CanExecuteChanged' doesn't match implicitly implemented member 'event EventHandler? ICommand.CanExecuteChanged'. [D:\DEVELOPMENT\POS-Store\SihyuPOS\SihyuPOSPayroll.csproj]
D:\DEVELOPMENT\POS-Store\SihyuPOS\ViewModels\InventoryViewModel.cs(233,72): warning CS8625: Cannot convert null literal to non-nullable reference type. [D:\DEVELOPMENT\POS-Store\SihyuPOS\SihyuPOSPayroll.csproj]
D:\DEVELOPMENT\POS-Store\SihyuPOS\ViewModels\InventoryViewModel.cs(261,21): warning CS8767: Nullability of reference types in type of parameter 'parameter' of 'bool DelegateCommand<T>.CanExecute(object parameter)' doesn't match implicitly implemented member 'bool ICommand.CanExecute(object? parameter)' (possibly because of nullability attributes). [D:\DEVELOPMENT\POS-Store\SihyuPOS\SihyuPOSPayroll.csproj]
D:\DEVELOPMENT\POS-Store\SihyuPOS\ViewModels\InventoryViewModel.cs(262,21): warning CS8767: Nullability of reference types in type of parameter 'parameter' of 'void DelegateCommand<T>.Execute(object parameter)' doesn't match implicitly implemented member 'void ICommand.Execute(object? parameter)' (possibly because of nullability attributes). [D:\DEVELOPMENT\POS-Store\SihyuPOS\SihyuPOSPayroll.csproj]
D:\DEVELOPMENT\POS-Store\SihyuPOS\ViewModels\InventoryViewModel.cs(256,35): warning CS8612: Nullability of reference types in type of 'event EventHandler DelegateCommand<T>.CanExecuteChanged' doesn't match implicitly implemented member 'event EventHandler? ICommand.CanExecuteChanged'. [D:\DEVELOPMENT\POS-Store\SihyuPOS\SihyuPOSPayroll.csproj]
D:\DEVELOPMENT\POS-Store\SihyuPOS\ViewModels\InventoryViewModel.cs(251,77): warning CS8625: Cannot convert null literal to non-nullable reference type. [D:\DEVELOPMENT\POS-Store\SihyuPOS\SihyuPOSPayroll.csproj]
D:\DEVELOPMENT\POS-Store\SihyuPOS\Models\TablesModel.cs(6,19): warning CS8618: Non-nullable property 'Status' must contain a non-null value when exiting constructor. Consider adding the 'required' modifier or declaring the property as nullable. [D:\DEVELOPMENT\POS-Store\SihyuPOS\SihyuPOSPayroll.csproj]
D:\DEVELOPMENT\POS-Store\SihyuPOS\Services\InventoryService.cs(114,20): warning CS8603: Possible null reference return. [D:\DEVELOPMENT\POS-Store\SihyuPOS\SihyuPOSPayroll.csproj]
D:\DEVELOPMENT\POS-Store\SihyuPOS\Helpers\Sessions.cs(12,30): warning CS8618: Non-nullable property 'CurrentUserRole' must contain a non-null value when exiting constructor. Consider adding the 'required' modifier or declaring the property as nullable. [D:\DEVELOPMENT\POS-Store\SihyuPOS\SihyuPOSPayroll.csproj]
D:\DEVELOPMENT\POS-Store\SihyuPOS\Services\PayrollService.cs(136,38): warning CS8625: Cannot convert null literal to non-nullable reference type. [D:\DEVELOPMENT\POS-Store\SihyuPOS\SihyuPOSPayroll.csproj]
D:\DEVELOPMENT\POS-Store\SihyuPOS\Services\PayrollService.cs(137,37): warning CS8625: Cannot convert null literal to non-nullable reference type. [D:\DEVELOPMENT\POS-Store\SihyuPOS\SihyuPOSPayroll.csproj]
D:\DEVELOPMENT\POS-Store\SihyuPOS\Models\ReceiptsModel.cs(8,27): warning CS8618: Non-nullable property 'Date' must contain a non-null value when exiting constructor. Consider adding the 'required' modifier or declaring the property as nullable. [D:\DEVELOPMENT\POS-Store\SihyuPOS\SihyuPOSPayroll.csproj]
D:\DEVELOPMENT\POS-Store\SihyuPOS\Services\PayrollService.cs(253,38): warning CS8601: Possible null reference assignment. [D:\DEVELOPMENT\POS-Store\SihyuPOS\SihyuPOSPayroll.csproj]
D:\DEVELOPMENT\POS-Store\SihyuPOS\Services\PayrollService.cs(254,37): warning CS8601: Possible null reference assignment. [D:\DEVELOPMENT\POS-Store\SihyuPOS\SihyuPOSPayroll.csproj]
D:\DEVELOPMENT\POS-Store\SihyuPOS\Views\Admin\Attendance\WorkScheduleEdit.xaml.cs(20,16): warning CS8618: Non-nullable property 'VM' must contain a non-null value when exiting constructor. Consider adding the 'required' modifier or declaring the property as nullable. [D:\DEVELOPMENT\POS-Store\SihyuPOS\SihyuPOSPayroll.csproj]
D:\DEVELOPMENT\POS-Store\SihyuPOS\Views\Admin\Attendance\WorkScheduleEdit.xaml.cs(46,16): warning CS8618: Non-nullable property 'VM' must contain a non-null value when exiting constructor. Consider adding the 'required' modifier or declaring the property as nullable. [D:\DEVELOPMENT\POS-Store\SihyuPOS\SihyuPOSPayroll.csproj]
D:\DEVELOPMENT\POS-Store\SihyuPOS\Views\Admin\Payroll\AddEditPayroll.xaml.cs(41,52): warning CS8622: Nullability of reference types in type of parameter 'sender' of 'void AddEditPayroll.RecalcInputs_Changed(object sender, RoutedEventArgs e)' doesn't match the target delegate 'EventHandler<SelectionChangedEventArgs>' (possibly because of nullability attributes). [D:\DEVELOPMENT\POS-Store\SihyuPOS\SihyuPOSPayroll.csproj]
D:\DEVELOPMENT\POS-Store\SihyuPOS\Views\Admin\Payroll\AddEditPayroll.xaml.cs(42,50): warning CS8622: Nullability of reference types in type of parameter 'sender' of 'void AddEditPayroll.RecalcInputs_Changed(object sender, RoutedEventArgs e)' doesn't match the target delegate 'EventHandler<SelectionChangedEventArgs>' (possibly because of nullability attributes). [D:\DEVELOPMENT\POS-Store\SihyuPOS\SihyuPOSPayroll.csproj]
D:\DEVELOPMENT\POS-Store\SihyuPOS\Views\Admin\Payroll\AddEditPayroll.xaml.cs(60,42): warning CS8602: Dereference of a possibly null reference. [D:\DEVELOPMENT\POS-Store\SihyuPOS\SihyuPOSPayroll.csproj]
D:\DEVELOPMENT\POS-Store\SihyuPOS\ViewModels\AdminPayslipViewModel.cs(62,113): warning CS8604: Possible null reference argument for parameter 'request' in 'Task AdminPayslipViewModel.ApproveRequestAsync(PayslipRequestModel request)'. [D:\DEVELOPMENT\POS-Store\SihyuPOS\SihyuPOSPayroll.csproj]
D:\DEVELOPMENT\POS-Store\SihyuPOS\ViewModels\AdminPayslipViewModel.cs(62,123): warning CS8622: Nullability of reference types in type of parameter 'request' of 'bool AdminPayslipViewModel.CanExecuteStatusCommand(PayslipRequestModel request)' doesn't match the target delegate 'Func<PayslipRequestModel?, bool>' (possibly because of nullability attributes). [D:\DEVELOPMENT\POS-Store\SihyuPOS\SihyuPOSPayroll.csproj]
D:\DEVELOPMENT\POS-Store\SihyuPOS\ViewModels\AdminPayslipViewModel.cs(63,107): warning CS8604: Possible null reference argument for parameter 'request' in 'Task AdminPayslipViewModel.DenyRequestAsync(PayslipRequestModel request)'. [D:\DEVELOPMENT\POS-Store\SihyuPOS\SihyuPOSPayroll.csproj]
D:\DEVELOPMENT\POS-Store\SihyuPOS\ViewModels\AdminPayslipViewModel.cs(63,117): warning CS8622: Nullability of reference types in type of parameter 'request' of 'bool AdminPayslipViewModel.CanExecuteStatusCommand(PayslipRequestModel request)' doesn't match the target delegate 'Func<PayslipRequestModel?, bool>' (possibly because of nullability attributes). [D:\DEVELOPMENT\POS-Store\SihyuPOS\SihyuPOSPayroll.csproj]
D:\DEVELOPMENT\POS-Store\SihyuPOS\ViewModels\AdminPayslipViewModel.cs(64,111): warning CS8604: Possible null reference argument for parameter 'request' in 'Task AdminPayslipViewModel.MarkRequestDoneAsync(PayslipRequestModel request)'. [D:\DEVELOPMENT\POS-Store\SihyuPOS\SihyuPOSPayroll.csproj]
D:\DEVELOPMENT\POS-Store\SihyuPOS\ViewModels\AdminPayslipViewModel.cs(64,121): warning CS8622: Nullability of reference types in type of parameter 'request' of 'bool AdminPayslipViewModel.CanExecuteStatusCommand(PayslipRequestModel request)' doesn't match the target delegate 'Func<PayslipRequestModel?, bool>' (possibly because of nullability attributes). [D:\DEVELOPMENT\POS-Store\SihyuPOS\SihyuPOSPayroll.csproj]
D:\DEVELOPMENT\POS-Store\SihyuPOS\ViewModels\AdminPayslipViewModel.cs(65,111): warning CS8604: Possible null reference argument for parameter 'request' in 'Task AdminPayslipViewModel.DeleteRequestAsync(PayslipRequestModel request)'. [D:\DEVELOPMENT\POS-Store\SihyuPOS\SihyuPOSPayroll.csproj]
D:\DEVELOPMENT\POS-Store\SihyuPOS\ViewModels\AdminPayslipViewModel.cs(65,121): warning CS8622: Nullability of reference types in type of parameter 'request' of 'bool AdminPayslipViewModel.CanDeleteRequest(PayslipRequestModel request)' doesn't match the target delegate 'Func<PayslipRequestModel?, bool>' (possibly because of nullability attributes). [D:\DEVELOPMENT\POS-Store\SihyuPOS\SihyuPOSPayroll.csproj]
D:\DEVELOPMENT\POS-Store\SihyuPOS\Views\Admin\Payroll\PositionSalaryEdit.xaml.cs(29,16): warning CS8618: Non-nullable property 'VM' must contain a non-null value when exiting constructor. Consider adding the 'required' modifier or declaring the property as nullable. [D:\DEVELOPMENT\POS-Store\SihyuPOS\SihyuPOSPayroll.csproj]
D:\DEVELOPMENT\POS-Store\SihyuPOS\ViewModels\InventoryViewModel.cs(22,16): warning CS8618: Non-nullable field '_filteredItems' must contain a non-null value when exiting constructor. Consider adding the 'required' modifier or declaring the field as nullable. [D:\DEVELOPMENT\POS-Store\SihyuPOS\SihyuPOSPayroll.csproj]
D:\DEVELOPMENT\POS-Store\SihyuPOS\ViewModels\InventoryViewModel.cs(22,16): warning CS8618: Non-nullable field '_inventoryItems' must contain a non-null value when exiting constructor. Consider adding the 'required' modifier or declaring the field as nullable. [D:\DEVELOPMENT\POS-Store\SihyuPOS\SihyuPOSPayroll.csproj]
D:\DEVELOPMENT\POS-Store\SihyuPOS\ViewModels\InventoryViewModel.cs(22,16): warning CS8618: Non-nullable field '_selectedItem' must contain a non-null value when exiting constructor. Consider adding the 'required' modifier or declaring the field as nullable. [D:\DEVELOPMENT\POS-Store\SihyuPOS\SihyuPOSPayroll.csproj]
D:\DEVELOPMENT\POS-Store\SihyuPOS\ViewModels\InventoryViewModel.cs(22,16): warning CS8618: Non-nullable field '_currentDialog' must contain a non-null value when exiting constructor. Consider adding the 'required' modifier or declaring the field as nullable. [D:\DEVELOPMENT\POS-Store\SihyuPOS\SihyuPOSPayroll.csproj]
D:\DEVELOPMENT\POS-Store\SihyuPOS\ViewModels\InventoryViewModel.cs(22,16): warning CS8618: Non-nullable event 'PropertyChanged' must contain a non-null value when exiting constructor. Consider adding the 'required' modifier or declaring the event as nullable. [D:\DEVELOPMENT\POS-Store\SihyuPOS\SihyuPOSPayroll.csproj]
D:\DEVELOPMENT\POS-Store\SihyuPOS\Views\Admin\Payroll\PositionSalaryEdit.xaml.cs(64,16): warning CS8618: Non-nullable property 'VM' must contain a non-null value when exiting constructor. Consider adding the 'required' modifier or declaring the property as nullable. [D:\DEVELOPMENT\POS-Store\SihyuPOS\SihyuPOSPayroll.csproj]
D:\DEVELOPMENT\POS-Store\SihyuPOS\ViewModels\InventoryViewModel.cs(114,33): warning CS8625: Cannot convert null literal to non-nullable reference type. [D:\DEVELOPMENT\POS-Store\SihyuPOS\SihyuPOSPayroll.csproj]
D:\DEVELOPMENT\POS-Store\SihyuPOS\ViewModels\InventoryViewModel.cs(117,27): warning CS8600: Converting null literal or possible null value to non-nullable type. [D:\DEVELOPMENT\POS-Store\SihyuPOS\SihyuPOSPayroll.csproj]
D:\DEVELOPMENT\POS-Store\SihyuPOS\ViewModels\InventoryViewModel.cs(120,36): warning CS8602: Dereference of a possibly null reference. [D:\DEVELOPMENT\POS-Store\SihyuPOS\SihyuPOSPayroll.csproj]
D:\DEVELOPMENT\POS-Store\SihyuPOS\ViewModels\LoginViewModel.cs(64,35): warning CS8600: Converting null literal or possible null value to non-nullable type. [D:\DEVELOPMENT\POS-Store\SihyuPOS\SihyuPOSPayroll.csproj]
D:\DEVELOPMENT\POS-Store\SihyuPOS\ViewModels\LoginViewModel.cs(70,32): warning CS8600: Converting null literal or possible null value to non-nullable type. [D:\DEVELOPMENT\POS-Store\SihyuPOS\SihyuPOSPayroll.csproj]
D:\DEVELOPMENT\POS-Store\SihyuPOS\ViewModels\InventoryViewModel.cs(157,33): warning CS8625: Cannot convert null literal to non-nullable reference type. [D:\DEVELOPMENT\POS-Store\SihyuPOS\SihyuPOSPayroll.csproj]
D:\DEVELOPMENT\POS-Store\SihyuPOS\ViewModels\InventoryViewModel.cs(160,27): warning CS8600: Converting null literal or possible null value to non-nullable type. [D:\DEVELOPMENT\POS-Store\SihyuPOS\SihyuPOSPayroll.csproj]
D:\DEVELOPMENT\POS-Store\SihyuPOS\ViewModels\InventoryViewModel.cs(161,37): warning CS8602: Dereference of a possibly null reference. [D:\DEVELOPMENT\POS-Store\SihyuPOS\SihyuPOSPayroll.csproj]
C:\Program Files\dotnet\sdk\10.0.301\Microsoft.Common.CurrentVersion.targets(5397,5): warning MSB3026: Could not copy "D:\DEVELOPMENT\POS-Store\SihyuPOS\obj\Debug\net9.0-windows\apphost.exe" to "bin\Debug\net9.0-windows\SihyuPOSPayroll.exe". Beginning retry 1 in 1000ms. The process cannot access the file 'D:\DEVELOPMENT\POS-Store\SihyuPOS\bin\Debug\net9.0-windows\SihyuPOSPayroll.exe' because it is being used by another process. The file is locked by: "SihyuPOSPayroll (27340)" [D:\DEVELOPMENT\POS-Store\SihyuPOS\SihyuPOSPayroll.csproj]
C:\Program Files\dotnet\sdk\10.0.301\Microsoft.Common.CurrentVersion.targets(5397,5): warning MSB3026: Could not copy "D:\DEVELOPMENT\POS-Store\SihyuPOS\obj\Debug\net9.0-windows\apphost.exe" to "bin\Debug\net9.0-windows\SihyuPOSPayroll.exe". Beginning retry 2 in 1000ms. The process cannot access the file 'D:\DEVELOPMENT\POS-Store\SihyuPOS\bin\Debug\net9.0-windows\SihyuPOSPayroll.exe' because it is being used by another process. The file is locked by: "SihyuPOSPayroll (27340)" [D:\DEVELOPMENT\POS-Store\SihyuPOS\SihyuPOSPayroll.csproj]
C:\Program Files\dotnet\sdk\10.0.301\Microsoft.Common.CurrentVersion.targets(5397,5): warning MSB3026: Could not copy "D:\DEVELOPMENT\POS-Store\SihyuPOS\obj\Debug\net9.0-windows\apphost.exe" to "bin\Debug\net9.0-windows\SihyuPOSPayroll.exe". Beginning retry 3 in 1000ms. The process cannot access the file 'D:\DEVELOPMENT\POS-Store\SihyuPOS\bin\Debug\net9.0-windows\SihyuPOSPayroll.exe' because it is being used by another process. The file is locked by: "SihyuPOSPayroll (27340)" [D:\DEVELOPMENT\POS-Store\SihyuPOS\SihyuPOSPayroll.csproj]
C:\Program Files\dotnet\sdk\10.0.301\Microsoft.Common.CurrentVersion.targets(5397,5): warning MSB3026: Could not copy "D:\DEVELOPMENT\POS-Store\SihyuPOS\obj\Debug\net9.0-windows\apphost.exe" to "bin\Debug\net9.0-windows\SihyuPOSPayroll.exe". Beginning retry 4 in 1000ms. The process cannot access the file 'D:\DEVELOPMENT\POS-Store\SihyuPOS\bin\Debug\net9.0-windows\SihyuPOSPayroll.exe' because it is being used by another process. The file is locked by: "SihyuPOSPayroll (27340)" [D:\DEVELOPMENT\POS-Store\SihyuPOS\SihyuPOSPayroll.csproj]
C:\Program Files\dotnet\sdk\10.0.301\Microsoft.Common.CurrentVersion.targets(5397,5): warning MSB3026: Could not copy "D:\DEVELOPMENT\POS-Store\SihyuPOS\obj\Debug\net9.0-windows\apphost.exe" to "bin\Debug\net9.0-windows\SihyuPOSPayroll.exe". Beginning retry 5 in 1000ms. The process cannot access the file 'D:\DEVELOPMENT\POS-Store\SihyuPOS\bin\Debug\net9.0-windows\SihyuPOSPayroll.exe' because it is being used by another process. The file is locked by: "SihyuPOSPayroll (27340)" [D:\DEVELOPMENT\POS-Store\SihyuPOS\SihyuPOSPayroll.csproj]
C:\Program Files\dotnet\sdk\10.0.301\Microsoft.Common.CurrentVersion.targets(5397,5): warning MSB3026: Could not copy "D:\DEVELOPMENT\POS-Store\SihyuPOS\obj\Debug\net9.0-windows\apphost.exe" to "bin\Debug\net9.0-windows\SihyuPOSPayroll.exe". Beginning retry 6 in 1000ms. The process cannot access the file 'D:\DEVELOPMENT\POS-Store\SihyuPOS\bin\Debug\net9.0-windows\SihyuPOSPayroll.exe' because it is being used by another process. The file is locked by: "SihyuPOSPayroll (27340)" [D:\DEVELOPMENT\POS-Store\SihyuPOS\SihyuPOSPayroll.csproj]
C:\Program Files\dotnet\sdk\10.0.301\Microsoft.Common.CurrentVersion.targets(5397,5): warning MSB3026: Could not copy "D:\DEVELOPMENT\POS-Store\SihyuPOS\obj\Debug\net9.0-windows\apphost.exe" to "bin\Debug\net9.0-windows\SihyuPOSPayroll.exe". Beginning retry 7 in 1000ms. The process cannot access the file 'D:\DEVELOPMENT\POS-Store\SihyuPOS\bin\Debug\net9.0-windows\SihyuPOSPayroll.exe' because it is being used by another process. The file is locked by: "SihyuPOSPayroll (27340)" [D:\DEVELOPMENT\POS-Store\SihyuPOS\SihyuPOSPayroll.csproj]
C:\Program Files\dotnet\sdk\10.0.301\Microsoft.Common.CurrentVersion.targets(5397,5): warning MSB3026: Could not copy "D:\DEVELOPMENT\POS-Store\SihyuPOS\obj\Debug\net9.0-windows\apphost.exe" to "bin\Debug\net9.0-windows\SihyuPOSPayroll.exe". Beginning retry 8 in 1000ms. The process cannot access the file 'D:\DEVELOPMENT\POS-Store\SihyuPOS\bin\Debug\net9.0-windows\SihyuPOSPayroll.exe' because it is being used by another process. The file is locked by: "SihyuPOSPayroll (27340)" [D:\DEVELOPMENT\POS-Store\SihyuPOS\SihyuPOSPayroll.csproj]
C:\Program Files\dotnet\sdk\10.0.301\Microsoft.Common.CurrentVersion.targets(5397,5): warning MSB3026: Could not copy "D:\DEVELOPMENT\POS-Store\SihyuPOS\obj\Debug\net9.0-windows\apphost.exe" to "bin\Debug\net9.0-windows\SihyuPOSPayroll.exe". Beginning retry 9 in 1000ms. The process cannot access the file 'D:\DEVELOPMENT\POS-Store\SihyuPOS\bin\Debug\net9.0-windows\SihyuPOSPayroll.exe' because it is being used by another process. The file is locked by: "SihyuPOSPayroll (27340)" [D:\DEVELOPMENT\POS-Store\SihyuPOS\SihyuPOSPayroll.csproj]
C:\Program Files\dotnet\sdk\10.0.301\Microsoft.Common.CurrentVersion.targets(5397,5): warning MSB3026: Could not copy "D:\DEVELOPMENT\POS-Store\SihyuPOS\obj\Debug\net9.0-windows\apphost.exe" to "bin\Debug\net9.0-windows\SihyuPOSPayroll.exe". Beginning retry 10 in 1000ms. The process cannot access the file 'D:\DEVELOPMENT\POS-Store\SihyuPOS\bin\Debug\net9.0-windows\SihyuPOSPayroll.exe' because it is being used by another process. The file is locked by: "SihyuPOSPayroll (27340)" [D:\DEVELOPMENT\POS-Store\SihyuPOS\SihyuPOSPayroll.csproj]
C:\Program Files\dotnet\sdk\10.0.301\Microsoft.Common.CurrentVersion.targets(5397,5): error MSB3027: Could not copy "D:\DEVELOPMENT\POS-Store\SihyuPOS\obj\Debug\net9.0-windows\apphost.exe" to "bin\Debug\net9.0-windows\SihyuPOSPayroll.exe". Exceeded retry count of 10. Failed. The file is locked by: "SihyuPOSPayroll (27340)" [D:\DEVELOPMENT\POS-Store\SihyuPOS\SihyuPOSPayroll.csproj]
C:\Program Files\dotnet\sdk\10.0.301\Microsoft.Common.CurrentVersion.targets(5397,5): error MSB3021: Unable to copy file "D:\DEVELOPMENT\POS-Store\SihyuPOS\obj\Debug\net9.0-windows\apphost.exe" to "bin\Debug\net9.0-windows\SihyuPOSPayroll.exe". The process cannot access the file 'D:\DEVELOPMENT\POS-Store\SihyuPOS\bin\Debug\net9.0-windows\SihyuPOSPayroll.exe' because it is being used by another process. [D:\DEVELOPMENT\POS-Store\SihyuPOS\SihyuPOSPayroll.csproj]

Build FAILED.

D:\DEVELOPMENT\POS-Store\SihyuPOS\ViewModels\EmployeePayslipViewmodel.cs(252,24): warning CS0114: 'EmployeePayslipViewModel.OnPropertyChanged(string?)' hides inherited member 'BaseViewModel.OnPropertyChanged(string?)'. To make the current member override that implementation, add the override keyword. Otherwise add the new keyword. [D:\DEVELOPMENT\POS-Store\SihyuPOS\SihyuPOSPayroll_syac35p0_wpftmp.csproj]
D:\DEVELOPMENT\POS-Store\SihyuPOS\ViewModels\EmployeeProfileViewModel.cs(244,24): warning CS0628: 'EmployeeProfileViewModel.OnPropertyChanged(string?)': new protected member declared in sealed type [D:\DEVELOPMENT\POS-Store\SihyuPOS\SihyuPOSPayroll_syac35p0_wpftmp.csproj]
D:\DEVELOPMENT\POS-Store\SihyuPOS\ViewModels\InventoryViewModel.cs(223,50): warning CS8612: Nullability of reference types in type of 'event PropertyChangedEventHandler InventoryViewModel.PropertyChanged' doesn't match implicitly implemented member 'event PropertyChangedEventHandler? INotifyPropertyChanged.PropertyChanged'. [D:\DEVELOPMENT\POS-Store\SihyuPOS\SihyuPOSPayroll_syac35p0_wpftmp.csproj]
D:\DEVELOPMENT\POS-Store\SihyuPOS\ViewModels\InventoryViewModel.cs(243,21): warning CS8767: Nullability of reference types in type of parameter 'parameter' of 'bool DelegateCommand.CanExecute(object parameter)' doesn't match implicitly implemented member 'bool ICommand.CanExecute(object? parameter)' (possibly because of nullability attributes). [D:\DEVELOPMENT\POS-Store\SihyuPOS\SihyuPOSPayroll_syac35p0_wpftmp.csproj]
D:\DEVELOPMENT\POS-Store\SihyuPOS\ViewModels\InventoryViewModel.cs(244,21): warning CS8767: Nullability of reference types in type of parameter 'parameter' of 'void DelegateCommand.Execute(object parameter)' doesn't match implicitly implemented member 'void ICommand.Execute(object? parameter)' (possibly because of nullability attributes). [D:\DEVELOPMENT\POS-Store\SihyuPOS\SihyuPOSPayroll_syac35p0_wpftmp.csproj]
D:\DEVELOPMENT\POS-Store\SihyuPOS\ViewModels\InventoryViewModel.cs(238,35): warning CS8612: Nullability of reference types in type of 'event EventHandler DelegateCommand.CanExecuteChanged' doesn't match implicitly implemented member 'event EventHandler? ICommand.CanExecuteChanged'. [D:\DEVELOPMENT\POS-Store\SihyuPOS\SihyuPOSPayroll_syac35p0_wpftmp.csproj]
D:\DEVELOPMENT\POS-Store\SihyuPOS\ViewModels\EmployeeProfileViewModel.cs(247,24): warning CS0628: 'EmployeeProfileViewModel.Set<T>(ref T, T, string?)': new protected member declared in sealed type [D:\DEVELOPMENT\POS-Store\SihyuPOS\SihyuPOSPayroll_syac35p0_wpftmp.csproj]
D:\DEVELOPMENT\POS-Store\SihyuPOS\ViewModels\InventoryViewModel.cs(233,72): warning CS8625: Cannot convert null literal to non-nullable reference type. [D:\DEVELOPMENT\POS-Store\SihyuPOS\SihyuPOSPayroll_syac35p0_wpftmp.csproj]
D:\DEVELOPMENT\POS-Store\SihyuPOS\ViewModels\InventoryViewModel.cs(224,83): warning CS8625: Cannot convert null literal to non-nullable reference type. [D:\DEVELOPMENT\POS-Store\SihyuPOS\SihyuPOSPayroll_syac35p0_wpftmp.csproj]
D:\DEVELOPMENT\POS-Store\SihyuPOS\ViewModels\InventoryViewModel.cs(261,21): warning CS8767: Nullability of reference types in type of parameter 'parameter' of 'bool DelegateCommand<T>.CanExecute(object parameter)' doesn't match implicitly implemented member 'bool ICommand.CanExecute(object? parameter)' (possibly because of nullability attributes). [D:\DEVELOPMENT\POS-Store\SihyuPOS\SihyuPOSPayroll_syac35p0_wpftmp.csproj]
D:\DEVELOPMENT\POS-Store\SihyuPOS\ViewModels\InventoryViewModel.cs(262,21): warning CS8767: Nullability of reference types in type of parameter 'parameter' of 'void DelegateCommand<T>.Execute(object parameter)' doesn't match implicitly implemented member 'void ICommand.Execute(object? parameter)' (possibly because of nullability attributes). [D:\DEVELOPMENT\POS-Store\SihyuPOS\SihyuPOSPayroll_syac35p0_wpftmp.csproj]
D:\DEVELOPMENT\POS-Store\SihyuPOS\ViewModels\InventoryViewModel.cs(256,35): warning CS8612: Nullability of reference types in type of 'event EventHandler DelegateCommand<T>.CanExecuteChanged' doesn't match implicitly implemented member 'event EventHandler? ICommand.CanExecuteChanged'. [D:\DEVELOPMENT\POS-Store\SihyuPOS\SihyuPOSPayroll_syac35p0_wpftmp.csproj]
D:\DEVELOPMENT\POS-Store\SihyuPOS\ViewModels\InventoryViewModel.cs(251,77): warning CS8625: Cannot convert null literal to non-nullable reference type. [D:\DEVELOPMENT\POS-Store\SihyuPOS\SihyuPOSPayroll_syac35p0_wpftmp.csproj]
D:\DEVELOPMENT\POS-Store\SihyuPOS\Helpers\Sessions.cs(12,30): warning CS8618: Non-nullable property 'CurrentUserRole' must contain a non-null value when exiting constructor. Consider adding the 'required' modifier or declaring the property as nullable. [D:\DEVELOPMENT\POS-Store\SihyuPOS\SihyuPOSPayroll_syac35p0_wpftmp.csproj]
D:\DEVELOPMENT\POS-Store\SihyuPOS\Models\TablesModel.cs(6,19): warning CS8618: Non-nullable property 'Status' must contain a non-null value when exiting constructor. Consider adding the 'required' modifier or declaring the property as nullable. [D:\DEVELOPMENT\POS-Store\SihyuPOS\SihyuPOSPayroll_syac35p0_wpftmp.csproj]
D:\DEVELOPMENT\POS-Store\SihyuPOS\Views\Admin\Attendance\WorkScheduleEdit.xaml.cs(20,16): warning CS8618: Non-nullable property 'VM' must contain a non-null value when exiting constructor. Consider adding the 'required' modifier or declaring the property as nullable. [D:\DEVELOPMENT\POS-Store\SihyuPOS\SihyuPOSPayroll_syac35p0_wpftmp.csproj]
D:\DEVELOPMENT\POS-Store\SihyuPOS\Views\Admin\Attendance\WorkScheduleEdit.xaml.cs(46,16): warning CS8618: Non-nullable property 'VM' must contain a non-null value when exiting constructor. Consider adding the 'required' modifier or declaring the property as nullable. [D:\DEVELOPMENT\POS-Store\SihyuPOS\SihyuPOSPayroll_syac35p0_wpftmp.csproj]
D:\DEVELOPMENT\POS-Store\SihyuPOS\ViewModels\AdminPayslipViewModel.cs(62,113): warning CS8604: Possible null reference argument for parameter 'request' in 'Task AdminPayslipViewModel.ApproveRequestAsync(PayslipRequestModel request)'. [D:\DEVELOPMENT\POS-Store\SihyuPOS\SihyuPOSPayroll_syac35p0_wpftmp.csproj]
D:\DEVELOPMENT\POS-Store\SihyuPOS\ViewModels\AdminPayslipViewModel.cs(62,123): warning CS8622: Nullability of reference types in type of parameter 'request' of 'bool AdminPayslipViewModel.CanExecuteStatusCommand(PayslipRequestModel request)' doesn't match the target delegate 'Func<PayslipRequestModel?, bool>' (possibly because of nullability attributes). [D:\DEVELOPMENT\POS-Store\SihyuPOS\SihyuPOSPayroll_syac35p0_wpftmp.csproj]
D:\DEVELOPMENT\POS-Store\SihyuPOS\ViewModels\AdminPayslipViewModel.cs(63,107): warning CS8604: Possible null reference argument for parameter 'request' in 'Task AdminPayslipViewModel.DenyRequestAsync(PayslipRequestModel request)'. [D:\DEVELOPMENT\POS-Store\SihyuPOS\SihyuPOSPayroll_syac35p0_wpftmp.csproj]
D:\DEVELOPMENT\POS-Store\SihyuPOS\ViewModels\AdminPayslipViewModel.cs(63,117): warning CS8622: Nullability of reference types in type of parameter 'request' of 'bool AdminPayslipViewModel.CanExecuteStatusCommand(PayslipRequestModel request)' doesn't match the target delegate 'Func<PayslipRequestModel?, bool>' (possibly because of nullability attributes). [D:\DEVELOPMENT\POS-Store\SihyuPOS\SihyuPOSPayroll_syac35p0_wpftmp.csproj]
D:\DEVELOPMENT\POS-Store\SihyuPOS\ViewModels\AdminPayslipViewModel.cs(64,111): warning CS8604: Possible null reference argument for parameter 'request' in 'Task AdminPayslipViewModel.MarkRequestDoneAsync(PayslipRequestModel request)'. [D:\DEVELOPMENT\POS-Store\SihyuPOS\SihyuPOSPayroll_syac35p0_wpftmp.csproj]
D:\DEVELOPMENT\POS-Store\SihyuPOS\ViewModels\AdminPayslipViewModel.cs(64,121): warning CS8622: Nullability of reference types in type of parameter 'request' of 'bool AdminPayslipViewModel.CanExecuteStatusCommand(PayslipRequestModel request)' doesn't match the target delegate 'Func<PayslipRequestModel?, bool>' (possibly because of nullability attributes). [D:\DEVELOPMENT\POS-Store\SihyuPOS\SihyuPOSPayroll_syac35p0_wpftmp.csproj]
D:\DEVELOPMENT\POS-Store\SihyuPOS\ViewModels\AdminPayslipViewModel.cs(65,111): warning CS8604: Possible null reference argument for parameter 'request' in 'Task AdminPayslipViewModel.DeleteRequestAsync(PayslipRequestModel request)'. [D:\DEVELOPMENT\POS-Store\SihyuPOS\SihyuPOSPayroll_syac35p0_wpftmp.csproj]
D:\DEVELOPMENT\POS-Store\SihyuPOS\ViewModels\AdminPayslipViewModel.cs(65,121): warning CS8622: Nullability of reference types in type of parameter 'request' of 'bool AdminPayslipViewModel.CanDeleteRequest(PayslipRequestModel request)' doesn't match the target delegate 'Func<PayslipRequestModel?, bool>' (possibly because of nullability attributes). [D:\DEVELOPMENT\POS-Store\SihyuPOS\SihyuPOSPayroll_syac35p0_wpftmp.csproj]
D:\DEVELOPMENT\POS-Store\SihyuPOS\Services\InventoryService.cs(114,20): warning CS8603: Possible null reference return. [D:\DEVELOPMENT\POS-Store\SihyuPOS\SihyuPOSPayroll_syac35p0_wpftmp.csproj]
D:\DEVELOPMENT\POS-Store\SihyuPOS\Views\Admin\Payroll\AddEditPayroll.xaml.cs(41,52): warning CS8622: Nullability of reference types in type of parameter 'sender' of 'void AddEditPayroll.RecalcInputs_Changed(object sender, RoutedEventArgs e)' doesn't match the target delegate 'EventHandler<SelectionChangedEventArgs>' (possibly because of nullability attributes). [D:\DEVELOPMENT\POS-Store\SihyuPOS\SihyuPOSPayroll_syac35p0_wpftmp.csproj]
D:\DEVELOPMENT\POS-Store\SihyuPOS\Views\Admin\Payroll\AddEditPayroll.xaml.cs(42,50): warning CS8622: Nullability of reference types in type of parameter 'sender' of 'void AddEditPayroll.RecalcInputs_Changed(object sender, RoutedEventArgs e)' doesn't match the target delegate 'EventHandler<SelectionChangedEventArgs>' (possibly because of nullability attributes). [D:\DEVELOPMENT\POS-Store\SihyuPOS\SihyuPOSPayroll_syac35p0_wpftmp.csproj]
D:\DEVELOPMENT\POS-Store\SihyuPOS\Views\Admin\Payroll\AddEditPayroll.xaml.cs(60,42): warning CS8602: Dereference of a possibly null reference. [D:\DEVELOPMENT\POS-Store\SihyuPOS\SihyuPOSPayroll_syac35p0_wpftmp.csproj]
D:\DEVELOPMENT\POS-Store\SihyuPOS\Views\Admin\Payroll\PositionSalaryEdit.xaml.cs(29,16): warning CS8618: Non-nullable property 'VM' must contain a non-null value when exiting constructor. Consider adding the 'required' modifier or declaring the property as nullable. [D:\DEVELOPMENT\POS-Store\SihyuPOS\SihyuPOSPayroll_syac35p0_wpftmp.csproj]
D:\DEVELOPMENT\POS-Store\SihyuPOS\Views\Admin\Payroll\PositionSalaryEdit.xaml.cs(64,16): warning CS8618: Non-nullable property 'VM' must contain a non-null value when exiting constructor. Consider adding the 'required' modifier or declaring the property as nullable. [D:\DEVELOPMENT\POS-Store\SihyuPOS\SihyuPOSPayroll_syac35p0_wpftmp.csproj]
D:\DEVELOPMENT\POS-Store\SihyuPOS\ViewModels\InventoryViewModel.cs(22,16): warning CS8618: Non-nullable field '_filteredItems' must contain a non-null value when exiting constructor. Consider adding the 'required' modifier or declaring the field as nullable. [D:\DEVELOPMENT\POS-Store\SihyuPOS\SihyuPOSPayroll_syac35p0_wpftmp.csproj]
D:\DEVELOPMENT\POS-Store\SihyuPOS\ViewModels\InventoryViewModel.cs(22,16): warning CS8618: Non-nullable field '_inventoryItems' must contain a non-null value when exiting constructor. Consider adding the 'required' modifier or declaring the field as nullable. [D:\DEVELOPMENT\POS-Store\SihyuPOS\SihyuPOSPayroll_syac35p0_wpftmp.csproj]
D:\DEVELOPMENT\POS-Store\SihyuPOS\ViewModels\InventoryViewModel.cs(22,16): warning CS8618: Non-nullable field '_selectedItem' must contain a non-null value when exiting constructor. Consider adding the 'required' modifier or declaring the field as nullable. [D:\DEVELOPMENT\POS-Store\SihyuPOS\SihyuPOSPayroll_syac35p0_wpftmp.csproj]
D:\DEVELOPMENT\POS-Store\SihyuPOS\ViewModels\InventoryViewModel.cs(22,16): warning CS8618: Non-nullable field '_currentDialog' must contain a non-null value when exiting constructor. Consider adding the 'required' modifier or declaring the field as nullable. [D:\DEVELOPMENT\POS-Store\SihyuPOS\SihyuPOSPayroll_syac35p0_wpftmp.csproj]
D:\DEVELOPMENT\POS-Store\SihyuPOS\ViewModels\InventoryViewModel.cs(22,16): warning CS8618: Non-nullable event 'PropertyChanged' must contain a non-null value when exiting constructor. Consider adding the 'required' modifier or declaring the event as nullable. [D:\DEVELOPMENT\POS-Store\SihyuPOS\SihyuPOSPayroll_syac35p0_wpftmp.csproj]
D:\DEVELOPMENT\POS-Store\SihyuPOS\Models\ReceiptsModel.cs(8,27): warning CS8618: Non-nullable property 'Date' must contain a non-null value when exiting constructor. Consider adding the 'required' modifier or declaring the property as nullable. [D:\DEVELOPMENT\POS-Store\SihyuPOS\SihyuPOSPayroll_syac35p0_wpftmp.csproj]
D:\DEVELOPMENT\POS-Store\SihyuPOS\ViewModels\InventoryViewModel.cs(114,33): warning CS8625: Cannot convert null literal to non-nullable reference type. [D:\DEVELOPMENT\POS-Store\SihyuPOS\SihyuPOSPayroll_syac35p0_wpftmp.csproj]
D:\DEVELOPMENT\POS-Store\SihyuPOS\ViewModels\InventoryViewModel.cs(117,27): warning CS8600: Converting null literal or possible null value to non-nullable type. [D:\DEVELOPMENT\POS-Store\SihyuPOS\SihyuPOSPayroll_syac35p0_wpftmp.csproj]
D:\DEVELOPMENT\POS-Store\SihyuPOS\ViewModels\InventoryViewModel.cs(120,36): warning CS8602: Dereference of a possibly null reference. [D:\DEVELOPMENT\POS-Store\SihyuPOS\SihyuPOSPayroll_syac35p0_wpftmp.csproj]
D:\DEVELOPMENT\POS-Store\SihyuPOS\ViewModels\InventoryViewModel.cs(157,33): warning CS8625: Cannot convert null literal to non-nullable reference type. [D:\DEVELOPMENT\POS-Store\SihyuPOS\SihyuPOSPayroll_syac35p0_wpftmp.csproj]
D:\DEVELOPMENT\POS-Store\SihyuPOS\ViewModels\InventoryViewModel.cs(160,27): warning CS8600: Converting null literal or possible null value to non-nullable type. [D:\DEVELOPMENT\POS-Store\SihyuPOS\SihyuPOSPayroll_syac35p0_wpftmp.csproj]
D:\DEVELOPMENT\POS-Store\SihyuPOS\ViewModels\InventoryViewModel.cs(161,37): warning CS8602: Dereference of a possibly null reference. [D:\DEVELOPMENT\POS-Store\SihyuPOS\SihyuPOSPayroll_syac35p0_wpftmp.csproj]
D:\DEVELOPMENT\POS-Store\SihyuPOS\Services\PayrollService.cs(136,38): warning CS8625: Cannot convert null literal to non-nullable reference type. [D:\DEVELOPMENT\POS-Store\SihyuPOS\SihyuPOSPayroll_syac35p0_wpftmp.csproj]
D:\DEVELOPMENT\POS-Store\SihyuPOS\Services\PayrollService.cs(137,37): warning CS8625: Cannot convert null literal to non-nullable reference type. [D:\DEVELOPMENT\POS-Store\SihyuPOS\SihyuPOSPayroll_syac35p0_wpftmp.csproj]
D:\DEVELOPMENT\POS-Store\SihyuPOS\ViewModels\LoginViewModel.cs(64,35): warning CS8600: Converting null literal or possible null value to non-nullable type. [D:\DEVELOPMENT\POS-Store\SihyuPOS\SihyuPOSPayroll_syac35p0_wpftmp.csproj]
D:\DEVELOPMENT\POS-Store\SihyuPOS\ViewModels\LoginViewModel.cs(70,32): warning CS8600: Converting null literal or possible null value to non-nullable type. [D:\DEVELOPMENT\POS-Store\SihyuPOS\SihyuPOSPayroll_syac35p0_wpftmp.csproj]
D:\DEVELOPMENT\POS-Store\SihyuPOS\Services\PayrollService.cs(253,38): warning CS8601: Possible null reference assignment. [D:\DEVELOPMENT\POS-Store\SihyuPOS\SihyuPOSPayroll_syac35p0_wpftmp.csproj]
D:\DEVELOPMENT\POS-Store\SihyuPOS\Services\PayrollService.cs(254,37): warning CS8601: Possible null reference assignment. [D:\DEVELOPMENT\POS-Store\SihyuPOS\SihyuPOSPayroll_syac35p0_wpftmp.csproj]
D:\DEVELOPMENT\POS-Store\SihyuPOS\ViewModels\EmployeePayslipViewmodel.cs(252,24): warning CS0114: 'EmployeePayslipViewModel.OnPropertyChanged(string?)' hides inherited member 'BaseViewModel.OnPropertyChanged(string?)'. To make the current member override that implementation, add the override keyword. Otherwise add the new keyword. [D:\DEVELOPMENT\POS-Store\SihyuPOS\SihyuPOSPayroll.csproj]
D:\DEVELOPMENT\POS-Store\SihyuPOS\ViewModels\EmployeeProfileViewModel.cs(244,24): warning CS0628: 'EmployeeProfileViewModel.OnPropertyChanged(string?)': new protected member declared in sealed type [D:\DEVELOPMENT\POS-Store\SihyuPOS\SihyuPOSPayroll.csproj]
D:\DEVELOPMENT\POS-Store\SihyuPOS\ViewModels\EmployeeProfileViewModel.cs(247,24): warning CS0628: 'EmployeeProfileViewModel.Set<T>(ref T, T, string?)': new protected member declared in sealed type [D:\DEVELOPMENT\POS-Store\SihyuPOS\SihyuPOSPayroll.csproj]
D:\DEVELOPMENT\POS-Store\SihyuPOS\ViewModels\InventoryViewModel.cs(223,50): warning CS8612: Nullability of reference types in type of 'event PropertyChangedEventHandler InventoryViewModel.PropertyChanged' doesn't match implicitly implemented member 'event PropertyChangedEventHandler? INotifyPropertyChanged.PropertyChanged'. [D:\DEVELOPMENT\POS-Store\SihyuPOS\SihyuPOSPayroll.csproj]
D:\DEVELOPMENT\POS-Store\SihyuPOS\ViewModels\InventoryViewModel.cs(224,83): warning CS8625: Cannot convert null literal to non-nullable reference type. [D:\DEVELOPMENT\POS-Store\SihyuPOS\SihyuPOSPayroll.csproj]
D:\DEVELOPMENT\POS-Store\SihyuPOS\ViewModels\InventoryViewModel.cs(243,21): warning CS8767: Nullability of reference types in type of parameter 'parameter' of 'bool DelegateCommand.CanExecute(object parameter)' doesn't match implicitly implemented member 'bool ICommand.CanExecute(object? parameter)' (possibly because of nullability attributes). [D:\DEVELOPMENT\POS-Store\SihyuPOS\SihyuPOSPayroll.csproj]
D:\DEVELOPMENT\POS-Store\SihyuPOS\ViewModels\InventoryViewModel.cs(244,21): warning CS8767: Nullability of reference types in type of parameter 'parameter' of 'void DelegateCommand.Execute(object parameter)' doesn't match implicitly implemented member 'void ICommand.Execute(object? parameter)' (possibly because of nullability attributes). [D:\DEVELOPMENT\POS-Store\SihyuPOS\SihyuPOSPayroll.csproj]
D:\DEVELOPMENT\POS-Store\SihyuPOS\ViewModels\InventoryViewModel.cs(238,35): warning CS8612: Nullability of reference types in type of 'event EventHandler DelegateCommand.CanExecuteChanged' doesn't match implicitly implemented member 'event EventHandler? ICommand.CanExecuteChanged'. [D:\DEVELOPMENT\POS-Store\SihyuPOS\SihyuPOSPayroll.csproj]
D:\DEVELOPMENT\POS-Store\SihyuPOS\ViewModels\InventoryViewModel.cs(233,72): warning CS8625: Cannot convert null literal to non-nullable reference type. [D:\DEVELOPMENT\POS-Store\SihyuPOS\SihyuPOSPayroll.csproj]
D:\DEVELOPMENT\POS-Store\SihyuPOS\ViewModels\InventoryViewModel.cs(261,21): warning CS8767: Nullability of reference types in type of parameter 'parameter' of 'bool DelegateCommand<T>.CanExecute(object parameter)' doesn't match implicitly implemented member 'bool ICommand.CanExecute(object? parameter)' (possibly because of nullability attributes). [D:\DEVELOPMENT\POS-Store\SihyuPOS\SihyuPOSPayroll.csproj]
D:\DEVELOPMENT\POS-Store\SihyuPOS\ViewModels\InventoryViewModel.cs(262,21): warning CS8767: Nullability of reference types in type of parameter 'parameter' of 'void DelegateCommand<T>.Execute(object parameter)' doesn't match implicitly implemented member 'void ICommand.Execute(object? parameter)' (possibly because of nullability attributes). [D:\DEVELOPMENT\POS-Store\SihyuPOS\SihyuPOSPayroll.csproj]
D:\DEVELOPMENT\POS-Store\SihyuPOS\ViewModels\InventoryViewModel.cs(256,35): warning CS8612: Nullability of reference types in type of 'event EventHandler DelegateCommand<T>.CanExecuteChanged' doesn't match implicitly implemented member 'event EventHandler? ICommand.CanExecuteChanged'. [D:\DEVELOPMENT\POS-Store\SihyuPOS\SihyuPOSPayroll.csproj]
D:\DEVELOPMENT\POS-Store\SihyuPOS\ViewModels\InventoryViewModel.cs(251,77): warning CS8625: Cannot convert null literal to non-nullable reference type. [D:\DEVELOPMENT\POS-Store\SihyuPOS\SihyuPOSPayroll.csproj]
D:\DEVELOPMENT\POS-Store\SihyuPOS\Models\TablesModel.cs(6,19): warning CS8618: Non-nullable property 'Status' must contain a non-null value when exiting constructor. Consider adding the 'required' modifier or declaring the property as nullable. [D:\DEVELOPMENT\POS-Store\SihyuPOS\SihyuPOSPayroll.csproj]
D:\DEVELOPMENT\POS-Store\SihyuPOS\Services\InventoryService.cs(114,20): warning CS8603: Possible null reference return. [D:\DEVELOPMENT\POS-Store\SihyuPOS\SihyuPOSPayroll.csproj]
D:\DEVELOPMENT\POS-Store\SihyuPOS\Helpers\Sessions.cs(12,30): warning CS8618: Non-nullable property 'CurrentUserRole' must contain a non-null value when exiting constructor. Consider adding the 'required' modifier or declaring the property as nullable. [D:\DEVELOPMENT\POS-Store\SihyuPOS\SihyuPOSPayroll.csproj]
D:\DEVELOPMENT\POS-Store\SihyuPOS\Services\PayrollService.cs(136,38): warning CS8625: Cannot convert null literal to non-nullable reference type. [D:\DEVELOPMENT\POS-Store\SihyuPOS\SihyuPOSPayroll.csproj]
D:\DEVELOPMENT\POS-Store\SihyuPOS\Services\PayrollService.cs(137,37): warning CS8625: Cannot convert null literal to non-nullable reference type. [D:\DEVELOPMENT\POS-Store\SihyuPOS\SihyuPOSPayroll.csproj]
D:\DEVELOPMENT\POS-Store\SihyuPOS\Models\ReceiptsModel.cs(8,27): warning CS8618: Non-nullable property 'Date' must contain a non-null value when exiting constructor. Consider adding the 'required' modifier or declaring the property as nullable. [D:\DEVELOPMENT\POS-Store\SihyuPOS\SihyuPOSPayroll.csproj]
D:\DEVELOPMENT\POS-Store\SihyuPOS\Services\PayrollService.cs(253,38): warning CS8601: Possible null reference assignment. [D:\DEVELOPMENT\POS-Store\SihyuPOS\SihyuPOSPayroll.csproj]
D:\DEVELOPMENT\POS-Store\SihyuPOS\Services\PayrollService.cs(254,37): warning CS8601: Possible null reference assignment. [D:\DEVELOPMENT\POS-Store\SihyuPOS\SihyuPOSPayroll.csproj]
D:\DEVELOPMENT\POS-Store\SihyuPOS\Views\Admin\Attendance\WorkScheduleEdit.xaml.cs(20,16): warning CS8618: Non-nullable property 'VM' must contain a non-null value when exiting constructor. Consider adding the 'required' modifier or declaring the property as nullable. [D:\DEVELOPMENT\POS-Store\SihyuPOS\SihyuPOSPayroll.csproj]
D:\DEVELOPMENT\POS-Store\SihyuPOS\Views\Admin\Attendance\WorkScheduleEdit.xaml.cs(46,16): warning CS8618: Non-nullable property 'VM' must contain a non-null value when exiting constructor. Consider adding the 'required' modifier or declaring the property as nullable. [D:\DEVELOPMENT\POS-Store\SihyuPOS\SihyuPOSPayroll.csproj]
D:\DEVELOPMENT\POS-Store\SihyuPOS\Views\Admin\Payroll\AddEditPayroll.xaml.cs(41,52): warning CS8622: Nullability of reference types in type of parameter 'sender' of 'void AddEditPayroll.RecalcInputs_Changed(object sender, RoutedEventArgs e)' doesn't match the target delegate 'EventHandler<SelectionChangedEventArgs>' (possibly because of nullability attributes). [D:\DEVELOPMENT\POS-Store\SihyuPOS\SihyuPOSPayroll.csproj]
D:\DEVELOPMENT\POS-Store\SihyuPOS\Views\Admin\Payroll\AddEditPayroll.xaml.cs(42,50): warning CS8622: Nullability of reference types in type of parameter 'sender' of 'void AddEditPayroll.RecalcInputs_Changed(object sender, RoutedEventArgs e)' doesn't match the target delegate 'EventHandler<SelectionChangedEventArgs>' (possibly because of nullability attributes). [D:\DEVELOPMENT\POS-Store\SihyuPOS\SihyuPOSPayroll.csproj]
D:\DEVELOPMENT\POS-Store\SihyuPOS\Views\Admin\Payroll\AddEditPayroll.xaml.cs(60,42): warning CS8602: Dereference of a possibly null reference. [D:\DEVELOPMENT\POS-Store\SihyuPOS\SihyuPOSPayroll.csproj]
D:\DEVELOPMENT\POS-Store\SihyuPOS\ViewModels\AdminPayslipViewModel.cs(62,113): warning CS8604: Possible null reference argument for parameter 'request' in 'Task AdminPayslipViewModel.ApproveRequestAsync(PayslipRequestModel request)'. [D:\DEVELOPMENT\POS-Store\SihyuPOS\SihyuPOSPayroll.csproj]
D:\DEVELOPMENT\POS-Store\SihyuPOS\ViewModels\AdminPayslipViewModel.cs(62,123): warning CS8622: Nullability of reference types in type of parameter 'request' of 'bool AdminPayslipViewModel.CanExecuteStatusCommand(PayslipRequestModel request)' doesn't match the target delegate 'Func<PayslipRequestModel?, bool>' (possibly because of nullability attributes). [D:\DEVELOPMENT\POS-Store\SihyuPOS\SihyuPOSPayroll.csproj]
D:\DEVELOPMENT\POS-Store\SihyuPOS\ViewModels\AdminPayslipViewModel.cs(63,107): warning CS8604: Possible null reference argument for parameter 'request' in 'Task AdminPayslipViewModel.DenyRequestAsync(PayslipRequestModel request)'. [D:\DEVELOPMENT\POS-Store\SihyuPOS\SihyuPOSPayroll.csproj]
D:\DEVELOPMENT\POS-Store\SihyuPOS\ViewModels\AdminPayslipViewModel.cs(63,117): warning CS8622: Nullability of reference types in type of parameter 'request' of 'bool AdminPayslipViewModel.CanExecuteStatusCommand(PayslipRequestModel request)' doesn't match the target delegate 'Func<PayslipRequestModel?, bool>' (possibly because of nullability attributes). [D:\DEVELOPMENT\POS-Store\SihyuPOS\SihyuPOSPayroll.csproj]
D:\DEVELOPMENT\POS-Store\SihyuPOS\ViewModels\AdminPayslipViewModel.cs(64,111): warning CS8604: Possible null reference argument for parameter 'request' in 'Task AdminPayslipViewModel.MarkRequestDoneAsync(PayslipRequestModel request)'. [D:\DEVELOPMENT\POS-Store\SihyuPOS\SihyuPOSPayroll.csproj]
D:\DEVELOPMENT\POS-Store\SihyuPOS\ViewModels\AdminPayslipViewModel.cs(64,121): warning CS8622: Nullability of reference types in type of parameter 'request' of 'bool AdminPayslipViewModel.CanExecuteStatusCommand(PayslipRequestModel request)' doesn't match the target delegate 'Func<PayslipRequestModel?, bool>' (possibly because of nullability attributes). [D:\DEVELOPMENT\POS-Store\SihyuPOS\SihyuPOSPayroll.csproj]
D:\DEVELOPMENT\POS-Store\SihyuPOS\ViewModels\AdminPayslipViewModel.cs(65,111): warning CS8604: Possible null reference argument for parameter 'request' in 'Task AdminPayslipViewModel.DeleteRequestAsync(PayslipRequestModel request)'. [D:\DEVELOPMENT\POS-Store\SihyuPOS\SihyuPOSPayroll.csproj]
D:\DEVELOPMENT\POS-Store\SihyuPOS\ViewModels\AdminPayslipViewModel.cs(65,121): warning CS8622: Nullability of reference types in type of parameter 'request' of 'bool AdminPayslipViewModel.CanDeleteRequest(PayslipRequestModel request)' doesn't match the target delegate 'Func<PayslipRequestModel?, bool>' (possibly because of nullability attributes). [D:\DEVELOPMENT\POS-Store\SihyuPOS\SihyuPOSPayroll.csproj]
D:\DEVELOPMENT\POS-Store\SihyuPOS\Views\Admin\Payroll\PositionSalaryEdit.xaml.cs(29,16): warning CS8618: Non-nullable property 'VM' must contain a non-null value when exiting constructor. Consider adding the 'required' modifier or declaring the property as nullable. [D:\DEVELOPMENT\POS-Store\SihyuPOS\SihyuPOSPayroll.csproj]
D:\DEVELOPMENT\POS-Store\SihyuPOS\ViewModels\InventoryViewModel.cs(22,16): warning CS8618: Non-nullable field '_filteredItems' must contain a non-null value when exiting constructor. Consider adding the 'required' modifier or declaring the field as nullable. [D:\DEVELOPMENT\POS-Store\SihyuPOS\SihyuPOSPayroll.csproj]
D:\DEVELOPMENT\POS-Store\SihyuPOS\ViewModels\InventoryViewModel.cs(22,16): warning CS8618: Non-nullable field '_inventoryItems' must contain a non-null value when exiting constructor. Consider adding the 'required' modifier or declaring the field as nullable. [D:\DEVELOPMENT\POS-Store\SihyuPOS\SihyuPOSPayroll.csproj]
D:\DEVELOPMENT\POS-Store\SihyuPOS\ViewModels\InventoryViewModel.cs(22,16): warning CS8618: Non-nullable field '_selectedItem' must contain a non-null value when exiting constructor. Consider adding the 'required' modifier or declaring the field as nullable. [D:\DEVELOPMENT\POS-Store\SihyuPOS\SihyuPOSPayroll.csproj]
D:\DEVELOPMENT\POS-Store\SihyuPOS\ViewModels\InventoryViewModel.cs(22,16): warning CS8618: Non-nullable field '_currentDialog' must contain a non-null value when exiting constructor. Consider adding the 'required' modifier or declaring the field as nullable. [D:\DEVELOPMENT\POS-Store\SihyuPOS\SihyuPOSPayroll.csproj]
D:\DEVELOPMENT\POS-Store\SihyuPOS\ViewModels\InventoryViewModel.cs(22,16): warning CS8618: Non-nullable event 'PropertyChanged' must contain a non-null value when exiting constructor. Consider adding the 'required' modifier or declaring the event as nullable. [D:\DEVELOPMENT\POS-Store\SihyuPOS\SihyuPOSPayroll.csproj]
D:\DEVELOPMENT\POS-Store\SihyuPOS\Views\Admin\Payroll\PositionSalaryEdit.xaml.cs(64,16): warning CS8618: Non-nullable property 'VM' must contain a non-null value when exiting constructor. Consider adding the 'required' modifier or declaring the property as nullable. [D:\DEVELOPMENT\POS-Store\SihyuPOS\SihyuPOSPayroll.csproj]
D:\DEVELOPMENT\POS-Store\SihyuPOS\ViewModels\InventoryViewModel.cs(114,33): warning CS8625: Cannot convert null literal to non-nullable reference type. [D:\DEVELOPMENT\POS-Store\SihyuPOS\SihyuPOSPayroll.csproj]
D:\DEVELOPMENT\POS-Store\SihyuPOS\ViewModels\InventoryViewModel.cs(117,27): warning CS8600: Converting null literal or possible null value to non-nullable type. [D:\DEVELOPMENT\POS-Store\SihyuPOS\SihyuPOSPayroll.csproj]
D:\DEVELOPMENT\POS-Store\SihyuPOS\ViewModels\InventoryViewModel.cs(120,36): warning CS8602: Dereference of a possibly null reference. [D:\DEVELOPMENT\POS-Store\SihyuPOS\SihyuPOSPayroll.csproj]
D:\DEVELOPMENT\POS-Store\SihyuPOS\ViewModels\LoginViewModel.cs(64,35): warning CS8600: Converting null literal or possible null value to non-nullable type. [D:\DEVELOPMENT\POS-Store\SihyuPOS\SihyuPOSPayroll.csproj]
D:\DEVELOPMENT\POS-Store\SihyuPOS\ViewModels\LoginViewModel.cs(70,32): warning CS8600: Converting null literal or possible null value to non-nullable type. [D:\DEVELOPMENT\POS-Store\SihyuPOS\SihyuPOSPayroll.csproj]
D:\DEVELOPMENT\POS-Store\SihyuPOS\ViewModels\InventoryViewModel.cs(157,33): warning CS8625: Cannot convert null literal to non-nullable reference type. [D:\DEVELOPMENT\POS-Store\SihyuPOS\SihyuPOSPayroll.csproj]
D:\DEVELOPMENT\POS-Store\SihyuPOS\ViewModels\InventoryViewModel.cs(160,27): warning CS8600: Converting null literal or possible null value to non-nullable type. [D:\DEVELOPMENT\POS-Store\SihyuPOS\SihyuPOSPayroll.csproj]
D:\DEVELOPMENT\POS-Store\SihyuPOS\ViewModels\InventoryViewModel.cs(161,37): warning CS8602: Dereference of a possibly null reference. [D:\DEVELOPMENT\POS-Store\SihyuPOS\SihyuPOSPayroll.csproj]
C:\Program Files\dotnet\sdk\10.0.301\Microsoft.Common.CurrentVersion.targets(5397,5): warning MSB3026: Could not copy "D:\DEVELOPMENT\POS-Store\SihyuPOS\obj\Debug\net9.0-windows\apphost.exe" to "bin\Debug\net9.0-windows\SihyuPOSPayroll.exe". Beginning retry 1 in 1000ms. The process cannot access the file 'D:\DEVELOPMENT\POS-Store\SihyuPOS\bin\Debug\net9.0-windows\SihyuPOSPayroll.exe' because it is being used by another process. The file is locked by: "SihyuPOSPayroll (27340)" [D:\DEVELOPMENT\POS-Store\SihyuPOS\SihyuPOSPayroll.csproj]
C:\Program Files\dotnet\sdk\10.0.301\Microsoft.Common.CurrentVersion.targets(5397,5): warning MSB3026: Could not copy "D:\DEVELOPMENT\POS-Store\SihyuPOS\obj\Debug\net9.0-windows\apphost.exe" to "bin\Debug\net9.0-windows\SihyuPOSPayroll.exe". Beginning retry 2 in 1000ms. The process cannot access the file 'D:\DEVELOPMENT\POS-Store\SihyuPOS\bin\Debug\net9.0-windows\SihyuPOSPayroll.exe' because it is being used by another process. The file is locked by: "SihyuPOSPayroll (27340)" [D:\DEVELOPMENT\POS-Store\SihyuPOS\SihyuPOSPayroll.csproj]
C:\Program Files\dotnet\sdk\10.0.301\Microsoft.Common.CurrentVersion.targets(5397,5): warning MSB3026: Could not copy "D:\DEVELOPMENT\POS-Store\SihyuPOS\obj\Debug\net9.0-windows\apphost.exe" to "bin\Debug\net9.0-windows\SihyuPOSPayroll.exe". Beginning retry 3 in 1000ms. The process cannot access the file 'D:\DEVELOPMENT\POS-Store\SihyuPOS\bin\Debug\net9.0-windows\SihyuPOSPayroll.exe' because it is being used by another process. The file is locked by: "SihyuPOSPayroll (27340)" [D:\DEVELOPMENT\POS-Store\SihyuPOS\SihyuPOSPayroll.csproj]
C:\Program Files\dotnet\sdk\10.0.301\Microsoft.Common.CurrentVersion.targets(5397,5): warning MSB3026: Could not copy "D:\DEVELOPMENT\POS-Store\SihyuPOS\obj\Debug\net9.0-windows\apphost.exe" to "bin\Debug\net9.0-windows\SihyuPOSPayroll.exe". Beginning retry 4 in 1000ms. The process cannot access the file 'D:\DEVELOPMENT\POS-Store\SihyuPOS\bin\Debug\net9.0-windows\SihyuPOSPayroll.exe' because it is being used by another process. The file is locked by: "SihyuPOSPayroll (27340)" [D:\DEVELOPMENT\POS-Store\SihyuPOS\SihyuPOSPayroll.csproj]
C:\Program Files\dotnet\sdk\10.0.301\Microsoft.Common.CurrentVersion.targets(5397,5): warning MSB3026: Could not copy "D:\DEVELOPMENT\POS-Store\SihyuPOS\obj\Debug\net9.0-windows\apphost.exe" to "bin\Debug\net9.0-windows\SihyuPOSPayroll.exe". Beginning retry 5 in 1000ms. The process cannot access the file 'D:\DEVELOPMENT\POS-Store\SihyuPOS\bin\Debug\net9.0-windows\SihyuPOSPayroll.exe' because it is being used by another process. The file is locked by: "SihyuPOSPayroll (27340)" [D:\DEVELOPMENT\POS-Store\SihyuPOS\SihyuPOSPayroll.csproj]
C:\Program Files\dotnet\sdk\10.0.301\Microsoft.Common.CurrentVersion.targets(5397,5): warning MSB3026: Could not copy "D:\DEVELOPMENT\POS-Store\SihyuPOS\obj\Debug\net9.0-windows\apphost.exe" to "bin\Debug\net9.0-windows\SihyuPOSPayroll.exe". Beginning retry 6 in 1000ms. The process cannot access the file 'D:\DEVELOPMENT\POS-Store\SihyuPOS\bin\Debug\net9.0-windows\SihyuPOSPayroll.exe' because it is being used by another process. The file is locked by: "SihyuPOSPayroll (27340)" [D:\DEVELOPMENT\POS-Store\SihyuPOS\SihyuPOSPayroll.csproj]
C:\Program Files\dotnet\sdk\10.0.301\Microsoft.Common.CurrentVersion.targets(5397,5): warning MSB3026: Could not copy "D:\DEVELOPMENT\POS-Store\SihyuPOS\obj\Debug\net9.0-windows\apphost.exe" to "bin\Debug\net9.0-windows\SihyuPOSPayroll.exe". Beginning retry 7 in 1000ms. The process cannot access the file 'D:\DEVELOPMENT\POS-Store\SihyuPOS\bin\Debug\net9.0-windows\SihyuPOSPayroll.exe' because it is being used by another process. The file is locked by: "SihyuPOSPayroll (27340)" [D:\DEVELOPMENT\POS-Store\SihyuPOS\SihyuPOSPayroll.csproj]
C:\Program Files\dotnet\sdk\10.0.301\Microsoft.Common.CurrentVersion.targets(5397,5): warning MSB3026: Could not copy "D:\DEVELOPMENT\POS-Store\SihyuPOS\obj\Debug\net9.0-windows\apphost.exe" to "bin\Debug\net9.0-windows\SihyuPOSPayroll.exe". Beginning retry 8 in 1000ms. The process cannot access the file 'D:\DEVELOPMENT\POS-Store\SihyuPOS\bin\Debug\net9.0-windows\SihyuPOSPayroll.exe' because it is being used by another process. The file is locked by: "SihyuPOSPayroll (27340)" [D:\DEVELOPMENT\POS-Store\SihyuPOS\SihyuPOSPayroll.csproj]
C:\Program Files\dotnet\sdk\10.0.301\Microsoft.Common.CurrentVersion.targets(5397,5): warning MSB3026: Could not copy "D:\DEVELOPMENT\POS-Store\SihyuPOS\obj\Debug\net9.0-windows\apphost.exe" to "bin\Debug\net9.0-windows\SihyuPOSPayroll.exe". Beginning retry 9 in 1000ms. The process cannot access the file 'D:\DEVELOPMENT\POS-Store\SihyuPOS\bin\Debug\net9.0-windows\SihyuPOSPayroll.exe' because it is being used by another process. The file is locked by: "SihyuPOSPayroll (27340)" [D:\DEVELOPMENT\POS-Store\SihyuPOS\SihyuPOSPayroll.csproj]
C:\Program Files\dotnet\sdk\10.0.301\Microsoft.Common.CurrentVersion.targets(5397,5): warning MSB3026: Could not copy "D:\DEVELOPMENT\POS-Store\SihyuPOS\obj\Debug\net9.0-windows\apphost.exe" to "bin\Debug\net9.0-windows\SihyuPOSPayroll.exe". Beginning retry 10 in 1000ms. The process cannot access the file 'D:\DEVELOPMENT\POS-Store\SihyuPOS\bin\Debug\net9.0-windows\SihyuPOSPayroll.exe' because it is being used by another process. The file is locked by: "SihyuPOSPayroll (27340)" [D:\DEVELOPMENT\POS-Store\SihyuPOS\SihyuPOSPayroll.csproj]
C:\Program Files\dotnet\sdk\10.0.301\Microsoft.Common.CurrentVersion.targets(5397,5): error MSB3027: Could not copy "D:\DEVELOPMENT\POS-Store\SihyuPOS\obj\Debug\net9.0-windows\apphost.exe" to "bin\Debug\net9.0-windows\SihyuPOSPayroll.exe". Exceeded retry count of 10. Failed. The file is locked by: "SihyuPOSPayroll (27340)" [D:\DEVELOPMENT\POS-Store\SihyuPOS\SihyuPOSPayroll.csproj]
C:\Program Files\dotnet\sdk\10.0.301\Microsoft.Common.CurrentVersion.targets(5397,5): error MSB3021: Unable to copy file "D:\DEVELOPMENT\POS-Store\SihyuPOS\obj\Debug\net9.0-windows\apphost.exe" to "bin\Debug\net9.0-windows\SihyuPOSPayroll.exe". The process cannot access the file 'D:\DEVELOPMENT\POS-Store\SihyuPOS\bin\Debug\net9.0-windows\SihyuPOSPayroll.exe' because it is being used by another process. [D:\DEVELOPMENT\POS-Store\SihyuPOS\SihyuPOSPayroll.csproj]
    108 Warning(s)
    2 Error(s)

Time Elapsed 00:00:28.23
